src/components/AIConfigurationPanel.tsx(9,3): error TS6133: 'Space' is declared but its value is never read.
src/components/AIConfigurationPanel.tsx(11,3): error TS6133: 'Tooltip' is declared but its value is never read.
src/components/AIConfigurationPanel.tsx(13,3): error TS6133: 'Progress' is declared but its value is never read.
src/components/AIConfigurationPanel.tsx(14,3): error TS6133: 'Divider' is declared but its value is never read.
src/components/AIConfigurationPanel.tsx(18,3): error TS6133: 'Statistic' is declared but its value is never read.
src/components/AIConfigurationPanel.tsx(30,10): error TS6133: 'llmService' is declared but its value is never read.
src/components/AIConfigurationPanel.tsx(30,22): error TS6133: 'getServerDisplayName' is declared but its value is never read.
src/components/AIConfigurationPanel.tsx(30,71): error TS2307: Cannot find module '@services/llmService' or its corresponding type declarations.
src/components/AIConfigurationPanel.tsx(52,9): error TS6133: 'LLM_SERVERS' is declared but its value is never read.
src/components/AIConfigurationPanel.tsx(73,77): error TS2339: Property 'env' does not exist on type 'ImportMeta'.
src/components/AIConfigurationPanel.tsx(243,32): error TS2322: Type '{ children: string | undefined; size: string; color: "blue"; }' is not assignable to type 'IntrinsicAttributes & TagProps & RefAttributes<HTMLSpanElement>'.
  Property 'size' does not exist on type 'IntrinsicAttributes & TagProps & RefAttributes<HTMLSpanElement>'.
src/components/AIConfigurationPanel.tsx(246,32): error TS2322: Type '{ children: string; size: string; }' is not assignable to type 'IntrinsicAttributes & TagProps & RefAttributes<HTMLSpanElement>'.
  Property 'size' does not exist on type 'IntrinsicAttributes & TagProps & RefAttributes<HTMLSpanElement>'.
src/components/AIConfigurationPanel.tsx(366,30): error TS2322: Type '{ children: string | undefined; size: string; color: "blue"; }' is not assignable to type 'IntrinsicAttributes & TagProps & RefAttributes<HTMLSpanElement>'.
  Property 'size' does not exist on type 'IntrinsicAttributes & TagProps & RefAttributes<HTMLSpanElement>'.
src/components/ConfigurationPanel.tsx(10,3): error TS6133: 'Space' is declared but its value is never read.
src/components/ConfigurationPanel.tsx(13,3): error TS6133: 'Divider' is declared but its value is never read.
src/components/ConfigurationPanel.tsx(15,3): error TS6133: 'Table' is declared but its value is never read.
src/components/ConfigurationPanel.tsx(31,48): error TS2307: Cannot find module '../../types/game' or its corresponding type declarations.
src/components/ConfigurationPanel.tsx(44,9): error TS6133: 'configuration' is declared but its value is never read.
src/components/ConfigurationPanel.tsx(53,9): error TS6133: 'LLM_SERVERS' is declared but its value is never read.
src/components/ConfigurationPanel.tsx(112,27): error TS2304: Cannot find name 'values'.
src/components/ConfigurationPanel.tsx(131,29): error TS6133: 'roleId' is declared but its value is never read.
src/components/ConfigurationPanel.tsx(136,9): error TS6133: 'handleTestAPIConnection' is declared but its value is never read.
src/components/ConfigurationPanel.tsx(328,38): error TS2322: Type '{ children: string; size: string; className: string; }' is not assignable to type 'IntrinsicAttributes & TagProps & RefAttributes<HTMLSpanElement>'.
  Property 'size' does not exist on type 'IntrinsicAttributes & TagProps & RefAttributes<HTMLSpanElement>'.
src/components/EventFeed.tsx(24,32): error TS2304: Cannot find name 'ShieldCheckOutlined'.
src/components/EventFeed.tsx(26,28): error TS2304: Cannot find name 'VoteOutlined'.
src/components/EventFeed.tsx(186,14): error TS2322: Type '{ children: string; jsx: true; }' is not assignable to type 'DetailedHTMLProps<StyleHTMLAttributes<HTMLStyleElement>, HTMLStyleElement>'.
  Property 'jsx' does not exist on type 'DetailedHTMLProps<StyleHTMLAttributes<HTMLStyleElement>, HTMLStyleElement>'.
src/components/GameDashboard.tsx(13,27): error TS2307: Cannot find module '../../types/game' or its corresponding type declarations.
src/components/GameDashboard.tsx(22,9): error TS6133: 'deadPlayers' is declared but its value is never read.
src/components/GameLayout.tsx(1,28): error TS6133: 'useRef' is declared but its value is never read.
src/components/GameLayout.tsx(2,18): error TS6133: 'Row' is declared but its value is never read.
src/components/GameLayout.tsx(2,23): error TS6133: 'Col' is declared but its value is never read.
src/components/GameLayout.tsx(2,34): error TS6133: 'Empty' is declared but its value is never read.
src/components/PlayerCircle.tsx(1,17): error TS6133: 'useMemo' is declared but its value is never read.
src/components/PlayerCircle.tsx(3,25): error TS6133: 'Tooltip' is declared but its value is never read.
src/components/PlayerCircle.tsx(3,34): error TS6133: 'Card' is declared but its value is never read.
src/components/PlayerCircle.tsx(5,45): error TS2307: Cannot find module '../../types/game' or its corresponding type declarations.
src/components/PlayerCircle.tsx(26,3): error TS6133: 'index' is declared but its value is never read.
src/components/PlayerDetailsPanel.tsx(2,60): error TS6133: 'Divider' is declared but its value is never read.
src/components/PlayerDetailsPanel.tsx(7,3): error TS2724: '"@ant-design/icons"' has no exported member named 'ShieldCheckOutlined'. Did you mean 'CheckOutlined'?
src/components/PlayerDetailsPanel.tsx(10,3): error TS2724: '"@ant-design/icons"' has no exported member named 'VoteOutlined'. Did you mean 'CodeOutlined'?
src/components/PlayerDetailsPanel.tsx(13,24): error TS2307: Cannot find module '../../types/game' or its corresponding type declarations.
src/components/PlayerDetailsPanel.tsx(245,33): error TS2322: Type '{ children: Element[]; mode: "left"; size: string; }' is not assignable to type 'IntrinsicAttributes & TimelineProps'.
  Property 'size' does not exist on type 'IntrinsicAttributes & TimelineProps'.
src/components/StatisticsPanel.tsx(14,3): error TS6133: 'RadarChart' is declared but its value is never read.
src/components/StatisticsPanel.tsx(15,3): error TS6133: 'PolarGrid' is declared but its value is never read.
src/components/StatisticsPanel.tsx(16,3): error TS6133: 'PolarAngleAxis' is declared but its value is never read.
src/components/StatisticsPanel.tsx(17,3): error TS6133: 'PolarRadiusAxis' is declared but its value is never read.
src/components/StatisticsPanel.tsx(18,3): error TS6133: 'Radar' is declared but its value is never read.
src/components/StatisticsPanel.tsx(21,3): error TS6133: 'Area' is declared but its value is never read.
src/components/StatisticsPanel.tsx(22,3): error TS6133: 'AreaChart' is declared but its value is never read.
src/components/StatisticsPanel.tsx(27,3): error TS2724: '"@ant-design/icons"' has no exported member named 'VoteOutlined'. Did you mean 'CodeOutlined'?
src/components/StatisticsPanel.tsx(27,3): error TS6133: 'VoteOutlined' is declared but its value is never read.
src/components/StatisticsPanel.tsx(28,3): error TS6133: 'ThunderboltOutlined' is declared but its value is never read.
src/components/StatisticsPanel.tsx(91,45): error TS18047: 'gameState' is possibly 'null'.
src/components/StatisticsPanel.tsx(175,22): error TS18047: 'gameState' is possibly 'null'.
src/components/StatisticsPanel.tsx(183,12): error TS18047: 'gameState' is possibly 'null'.
src/components/StatisticsPanel.tsx(183,43): error TS18047: 'gameState' is possibly 'null'.
src/components/StatisticsPanel.tsx(187,24): error TS18047: 'gameState' is possibly 'null'.
src/components/StatisticsPanel.tsx(187,65): error TS18047: 'gameState' is possibly 'null'.
src/components/StatisticsPanel.tsx(190,26): error TS18047: 'gameState' is possibly 'null'.
src/components/StatisticsPanel.tsx(191,26): error TS18047: 'gameState' is possibly 'null'.
src/components/StatisticsPanel.tsx(275,8): error TS18047: 'gameState' is possibly 'null'.
src/components/StatisticsPanel.tsx(295,31): error TS18047: 'gameState' is possibly 'null'.
src/components/StatisticsPanel.tsx(298,49): error TS18047: 'gameState' is possibly 'null'.
src/components/VotingPanel.tsx(2,36): error TS6133: 'Button' is declared but its value is never read.
src/components/VotingPanel.tsx(3,18): error TS6133: 'AnimatePresence' is declared but its value is never read.
src/components/VotingPanel.tsx(4,10): error TS2724: '"@ant-design/icons"' has no exported member named 'VoteOutlined'. Did you mean 'CodeOutlined'?
src/components/VotingPanel.tsx(6,22): error TS2307: Cannot find module '../../types/game' or its corresponding type declarations.
src/components/VotingPanel.tsx(51,34): error TS2322: Type '{ children: string; color: "green"; size: string; }' is not assignable to type 'IntrinsicAttributes & TagProps & RefAttributes<HTMLSpanElement>'.
  Property 'size' does not exist on type 'IntrinsicAttributes & TagProps & RefAttributes<HTMLSpanElement>'.
src/components/VotingPanel.tsx(53,36): error TS2322: Type '{ children: string; color: "default"; size: string; }' is not assignable to type 'IntrinsicAttributes & TagProps & RefAttributes<HTMLSpanElement>'.
  Property 'size' does not exist on type 'IntrinsicAttributes & TagProps & RefAttributes<HTMLSpanElement>'.
src/components/VotingPanel.tsx(90,30): error TS18047: 'gameState' is possibly 'null'.
src/components/VotingPanel.tsx(96,22): error TS18047: 'gameState' is possibly 'null'.
src/components/VotingPanel.tsx(117,14): error TS18047: 'gameState' is possibly 'null'.
src/components/VotingPanel.tsx(118,14): error TS18047: 'gameState' is possibly 'null'.
src/components/VotingPanel.tsx(136,7): error TS18047: 'gameState' is possibly 'null'.
src/components/VotingPanel.tsx(203,39): error TS6133: 'index' is declared but its value is never read.
src/components/WorkingAIConfigurationPanel.tsx(9,3): error TS6133: 'Space' is declared but its value is never read.
src/components/WorkingAIConfigurationPanel.tsx(11,3): error TS6133: 'Tooltip' is declared but its value is never read.
src/components/WorkingAIConfigurationPanel.tsx(183,24): error TS2322: Type '{ children: string; size: string; color: "blue"; }' is not assignable to type 'IntrinsicAttributes & TagProps & RefAttributes<HTMLSpanElement>'.
  Property 'size' does not exist on type 'IntrinsicAttributes & TagProps & RefAttributes<HTMLSpanElement>'.
src/components/WorkingAIConfigurationPanel.tsx(184,24): error TS2322: Type '{ children: string; size: string; }' is not assignable to type 'IntrinsicAttributes & TagProps & RefAttributes<HTMLSpanElement>'.
  Property 'size' does not exist on type 'IntrinsicAttributes & TagProps & RefAttributes<HTMLSpanElement>'.
src/components/WorkingAIConfigurationPanel.tsx(237,24): error TS2322: Type '{ children: string; size: string; color: "blue"; }' is not assignable to type 'IntrinsicAttributes & TagProps & RefAttributes<HTMLSpanElement>'.
  Property 'size' does not exist on type 'IntrinsicAttributes & TagProps & RefAttributes<HTMLSpanElement>'.
src/components/WorkingAIConfigurationPanel.tsx(238,24): error TS2322: Type '{ children: string; size: string; }' is not assignable to type 'IntrinsicAttributes & TagProps & RefAttributes<HTMLSpanElement>'.
  Property 'size' does not exist on type 'IntrinsicAttributes & TagProps & RefAttributes<HTMLSpanElement>'.
src/components/animations/PhaseTransition.tsx(49,60): error TS6133: 'from' is declared but its value is never read.
src/services/llmService.ts(1,32): error TS6133: 'AxiosResponse' is declared but its value is never read.
src/services/llmService.ts(5,63): error TS2339: Property 'env' does not exist on type 'ImportMeta'.
src/services/llmService.ts(8,63): error TS2339: Property 'env' does not exist on type 'ImportMeta'.
src/services/llmService.ts(28,81): error TS2339: Property 'env' does not exist on type 'ImportMeta'.
src/services/llmService.ts(94,25): error TS7053: Element implicitly has an 'any' type because expression of type 'any' can't be used to index type '{ 'http://100.80.20.5:4000/v1': string[]; 'http://100.82.5.110:30001': string[]; }'.
src/services/llmService.ts(155,11): error TS7053: Element implicitly has an 'any' type because expression of type 'any' can't be used to index type '{ 'http://100.80.20.5:4000/v1': string[]; 'http://100.82.5.110:30001': string[]; }'.
src/services/llmService.ts(199,11): error TS7053: Element implicitly has an 'any' type because expression of type 'any' can't be used to index type '{ 'http://100.80.20.5:4000/v1': string[]; 'http://100.82.5.110:30001': string[]; }'.
src/services/llmService.ts(251,25): error TS7053: Element implicitly has an 'any' type because expression of type 'any' can't be used to index type '{ 'http://100.80.20.5:4000/v1': string[]; 'http://100.82.5.110:30001': string[]; }'.
src/utils/api.ts(165,43): error TS2307: Cannot find module '@services/llmService' or its corresponding type declarations.
src/utils/api.ts(183,43): error TS2307: Cannot find module '@services/llmService' or its corresponding type declarations.
src/utils/api.ts(194,43): error TS2307: Cannot find module '@services/llmService' or its corresponding type declarations.
src/utils/api.ts(204,43): error TS2307: Cannot find module '@services/llmService' or its corresponding type declarations.
src/utils/api.ts(310,32): error TS2349: This expression is not callable.
  Type 'ApiService' has no call signatures.
